// Jest Snapshot v1, https://goo.gl/fbAQLP

exports[`Banner title (child component) - BannerTitle.vue should match snapshot 1`] = `
<div
  class="grid-container"
>
  <div
    class="grid-child"
  >
    <img
      alt="thicc-dough-crypto-logo"
      src=""
    />
  </div>
  <div
    class="grid-child-right-column"
  >
    <h1>
      Mock Site Title
    </h1>
  </div>
</div>
`;
